
> vlxd-operations-system@0.1.0 dev
> next dev --hostname 0.0.0.0 --hostname 0.0.0.0 --port 3000

▲ Next.js 16.2.10 (Turbopack)
- Local:         http://localhost:3000
- Network:       http://0.0.0.0:3000
- Environments: .env.local
✓ Ready in 1729ms
- Experiments (use with caution):
  · serverActions

○ Compiling /login ...
 HEAD /login 200 in 9.3s (next.js: 9.1s, application-code: 199ms)
 HEAD / 307 in 168ms (next.js: 84ms, application-code: 83ms)
 HEAD /login 200 in 53ms (next.js: 4ms, application-code: 49ms)
 GET / 307 in 49ms (next.js: 4ms, application-code: 45ms)
 GET /login 200 in 43ms (next.js: 3ms, application-code: 40ms)
 GET /manifest.webmanifest 200 in 195ms (next.js: 177ms, application-code: 18ms)
 GET /manifest.webmanifest 200 in 8ms (next.js: 3ms, application-code: 5ms)
 GET /login 200 in 53ms (next.js: 4ms, application-code: 50ms)
 GET /manifest.webmanifest 200 in 10ms (next.js: 3ms, application-code: 7ms)
 GET / 200 in 54ms (next.js: 5ms, application-code: 49ms)
 POST /login 303 in 140ms (next.js: 3ms, application-code: 136ms)
  └─ ƒ loginAction({}) in 65ms src/app/auth-actions.ts
 GET /manifest.webmanifest 200 in 7ms (next.js: 2ms, application-code: 5ms)
 POST / 200 in 278ms (next.js: 3ms, application-code: 275ms)
  └─ ƒ getOperationsSnapshotAction() in 19ms src/app/actions.ts
 POST / 200 in 47ms (next.js: 3ms, application-code: 43ms)
  └─ ƒ getOperationsSnapshotAction() in 33ms src/app/actions.ts
 POST / 200 in 46ms (next.js: 3ms, application-code: 43ms)
  └─ ƒ getOperationsSnapshotAction() in 35ms src/app/actions.ts
 POST / 200 in 47ms (next.js: 4ms, application-code: 44ms)
  └─ ƒ getOperationsSnapshotAction() in 36ms src/app/actions.ts
 POST / 200 in 61ms (next.js: 3ms, application-code: 58ms)
  └─ ƒ runDemoOperationAction({"idempotencyKey":"46c98715-c69f-4bfa-b07b-c4aa768be4b3","operation":"confirmSalesOrder","targetId":"so-0002"}) in 46ms src/app/actions.ts
 POST / 200 in 45ms (next.js: 3ms, application-code: 42ms)
  └─ ƒ getOperationsSnapshotAction() in 34ms src/app/actions.ts
 POST / 200 in 45ms (next.js: 3ms, application-code: 42ms)
  └─ ƒ getOperationsSnapshotAction() in 34ms src/app/actions.ts
 POST / 200 in 43ms (next.js: 3ms, application-code: 39ms)
  └─ ƒ getOperationsSnapshotAction() in 30ms src/app/actions.ts
 POST / 200 in 42ms (next.js: 4ms, application-code: 38ms)
  └─ ƒ getOperationsSnapshotAction() in 30ms src/app/actions.ts
 POST / 200 in 43ms (next.js: 3ms, application-code: 40ms)
  └─ ƒ getOperationsSnapshotAction() in 33ms src/app/actions.ts
 POST / 200 in 38ms (next.js: 3ms, application-code: 35ms)
  └─ ƒ getOperationsSnapshotAction() in 26ms src/app/actions.ts
 POST / 200 in 46ms (next.js: 4ms, application-code: 42ms)
  └─ ƒ getOperationsSnapshotAction() in 33ms src/app/actions.ts
 GET /admin 200 in 122ms (next.js: 55ms, application-code: 67ms)
 GET /manifest.webmanifest 200 in 8ms (next.js: 3ms, application-code: 5ms)
 GET / 200 in 29ms (next.js: 3ms, application-code: 25ms)
 GET /manifest.webmanifest 200 in 7ms (next.js: 3ms, application-code: 4ms)
 POST / 200 in 50ms (next.js: 3ms, application-code: 47ms)
  └─ ƒ getOperationsSnapshotAction() in 37ms src/app/actions.ts
 POST / 200 in 46ms (next.js: 3ms, application-code: 43ms)
  └─ ƒ getOperationsSnapshotAction() in 36ms src/app/actions.ts
 POST / 200 in 45ms (next.js: 3ms, application-code: 42ms)
  └─ ƒ getOperationsSnapshotAction() in 34ms src/app/actions.ts
 POST / 200 in 44ms (next.js: 4ms, application-code: 40ms)
  └─ ƒ getOperationsSnapshotAction() in 33ms src/app/actions.ts
 POST / 200 in 44ms (next.js: 3ms, application-code: 41ms)
  └─ ƒ getOperationsSnapshotAction() in 34ms src/app/actions.ts
 POST / 200 in 27ms (next.js: 3ms, application-code: 24ms)
  └─ ƒ getOperationsSnapshotAction() in 17ms src/app/actions.ts
 POST / 200 in 35ms (next.js: 3ms, application-code: 32ms)
  └─ ƒ getOperationsSnapshotAction() in 23ms src/app/actions.ts
 POST / 200 in 46ms (next.js: 3ms, application-code: 43ms)
  └─ ƒ getOperationsSnapshotAction() in 36ms src/app/actions.ts
 POST / 200 in 47ms (next.js: 3ms, application-code: 44ms)
  └─ ƒ getOperationsSnapshotAction() in 36ms src/app/actions.ts
 POST / 200 in 35ms (next.js: 3ms, application-code: 32ms)
  └─ ƒ getOperationsSnapshotAction() in 24ms src/app/actions.ts
 POST / 200 in 22ms (next.js: 3ms, application-code: 19ms)
  └─ ƒ getOperationsSnapshotAction() in 11ms src/app/actions.ts
 POST / 200 in 41ms (next.js: 3ms, application-code: 37ms)
  └─ ƒ getOperationsSnapshotAction() in 28ms src/app/actions.ts
 POST / 200 in 46ms (next.js: 4ms, application-code: 43ms)
  └─ ƒ getOperationsSnapshotAction() in 33ms src/app/actions.ts
 POST / 200 in 45ms (next.js: 3ms, application-code: 42ms)
  └─ ƒ getOperationsSnapshotAction() in 34ms src/app/actions.ts
 POST / 200 in 48ms (next.js: 3ms, application-code: 45ms)
  └─ ƒ getOperationsSnapshotAction() in 36ms src/app/actions.ts
 POST / 200 in 48ms (next.js: 3ms, application-code: 44ms)
  └─ ƒ getOperationsSnapshotAction() in 35ms src/app/actions.ts
 POST / 200 in 44ms (next.js: 3ms, application-code: 40ms)
  └─ ƒ getOperationsSnapshotAction() in 33ms src/app/actions.ts
 POST / 200 in 46ms (next.js: 3ms, application-code: 43ms)
  └─ ƒ getOperationsSnapshotAction() in 34ms src/app/actions.ts
 POST / 200 in 211ms (next.js: 3ms, application-code: 208ms)
  └─ ƒ getOperationsSnapshotAction() in 136ms src/app/actions.ts
 POST / 200 in 43ms (next.js: 3ms, application-code: 40ms)
  └─ ƒ getOperationsSnapshotAction() in 32ms src/app/actions.ts
 POST / 200 in 45ms (next.js: 3ms, application-code: 41ms)
  └─ ƒ getOperationsSnapshotAction() in 34ms src/app/actions.ts
 POST / 200 in 43ms (next.js: 4ms, application-code: 39ms)
  └─ ƒ getOperationsSnapshotAction() in 31ms src/app/actions.ts
 POST / 200 in 44ms (next.js: 3ms, application-code: 41ms)
  └─ ƒ getOperationsSnapshotAction() in 33ms src/app/actions.ts
 POST / 200 in 27ms (next.js: 3ms, application-code: 24ms)
  └─ ƒ getOperationsSnapshotAction() in 17ms src/app/actions.ts
 POST / 200 in 47ms (next.js: 3ms, application-code: 43ms)
  └─ ƒ getOperationsSnapshotAction() in 32ms src/app/actions.ts
 POST / 200 in 45ms (next.js: 4ms, application-code: 41ms)
  └─ ƒ getOperationsSnapshotAction() in 31ms src/app/actions.ts
 POST / 200 in 26ms (next.js: 5ms, application-code: 21ms)
  └─ ƒ getOperationsSnapshotAction() in 10ms src/app/actions.ts
 POST / 200 in 44ms (next.js: 5ms, application-code: 39ms)
  └─ ƒ getOperationsSnapshotAction() in 28ms src/app/actions.ts
 POST / 200 in 45ms (next.js: 3ms, application-code: 42ms)
  └─ ƒ getOperationsSnapshotAction() in 35ms src/app/actions.ts
 POST / 200 in 43ms (next.js: 3ms, application-code: 40ms)
  └─ ƒ getOperationsSnapshotAction() in 33ms src/app/actions.ts
 POST / 200 in 45ms (next.js: 3ms, application-code: 42ms)
  └─ ƒ getOperationsSnapshotAction() in 32ms src/app/actions.ts
 POST / 200 in 43ms (next.js: 3ms, application-code: 40ms)
  └─ ƒ getOperationsSnapshotAction() in 33ms src/app/actions.ts
 POST / 200 in 53ms (next.js: 4ms, application-code: 48ms)
  └─ ƒ getOperationsSnapshotAction() in 34ms src/app/actions.ts
 POST / 200 in 48ms (next.js: 6ms, application-code: 42ms)
  └─ ƒ getOperationsSnapshotAction() in 30ms src/app/actions.ts
 POST / 200 in 44ms (next.js: 3ms, application-code: 41ms)
  └─ ƒ getOperationsSnapshotAction() in 33ms src/app/actions.ts
 POST / 200 in 45ms (next.js: 3ms, application-code: 42ms)
  └─ ƒ getOperationsSnapshotAction() in 35ms src/app/actions.ts
 POST / 200 in 44ms (next.js: 4ms, application-code: 40ms)
  └─ ƒ getOperationsSnapshotAction() in 33ms src/app/actions.ts
 POST / 200 in 33ms (next.js: 3ms, application-code: 30ms)
  └─ ƒ getOperationsSnapshotAction() in 23ms src/app/actions.ts
✓ Compiled in 100ms
✓ Compiled in 121ms
